Siras@▒▒▒▒ MINGW64 ~ (main)
$ cd desktop

Siras@▒▒▒▒ MINGW64 ~/desktop (main)
$ mkdir git_challenge

Siras@▒▒▒▒ MINGW64 ~/desktop (main)
$ cd git_challenge

Siras@▒▒▒▒ MINGW64 ~/desktop/git_challenge (main)
$ git init
Initialized empty Git repository in C:/Users/Siras/Desktop/git_challenge/.git/

Siras@▒▒▒▒ MINGW64 ~/desktop/git_challenge (main)
$ git add hello_world.txt

Siras@▒▒▒▒ MINGW64 ~/desktop/git_challenge (main)
$ git commit -m "最初のコミット"
[main (root-commit) 5958a24] 最初のコミット
 1 file changed, 1 insertion(+)
 create mode 100644 hello_world.txt

Siras@▒▒▒▒ MINGW64 ~/desktop/git_challenge (main)
$ git add hello_world.txt

Siras@▒▒▒▒ MINGW64 ~/desktop/git_challenge (main)
$ git commit -m "2かいめのコミット"
[main 5e27e49] 2かいめのコミット
 1 file changed, 2 insertions(+), 1 deletion(-)

Siras@▒▒▒▒ MINGW64 ~/desktop/git_challenge (main)
$ git status
On branch main
nothing to commit, working tree clean

Siras@▒▒▒▒ MINGW64 ~/desktop/git_challenge (main)
$
